
[  +90 ms] Build failed due to use of deleted Android v1 embedding.
System.Management.Automation.RemoteException
System.Management.Automation.RemoteException


